// Vitest Snapshot v1, https://vitest.dev/guide/snapshot.html

exports[`Algod Mock Server > should work with the recorded status request 1`] = `
NodeStatusResponse {
  "catchpoint": "",
  "catchpointAcquiredBlocks": 0,
  "catchpointProcessedAccounts": 0,
  "catchpointProcessedKvs": 0,
  "catchpointTotalAccounts": 0,
  "catchpointTotalBlocks": 0,
  "catchpointTotalKvs": 0,
  "catchpointVerifiedAccounts": 0,
  "catchpointVerifiedKvs": 0,
  "catchupTime": 0n,
  "lastCatchpoint": "",
  "lastRound": 58979812n,
  "lastVersion": "https://github.com/algorandfoundation/specs/tree/953304de35264fc3ef91bcd05c123242015eeaed",
  "nextVersion": "https://github.com/algorandfoundation/specs/tree/953304de35264fc3ef91bcd05c123242015eeaed",
  "nextVersionRound": 58979813n,
  "nextVersionSupported": true,
  "stoppedAtUnsupportedRound": false,
  "timeSinceLastRound": 2415605010n,
  "upgradeDelay": undefined,
  "upgradeNextProtocolVoteBefore": undefined,
  "upgradeNoVotes": undefined,
  "upgradeNodeVote": undefined,
  "upgradeVoteRounds": undefined,
  "upgradeVotes": undefined,
  "upgradeVotesRequired": undefined,
  "upgradeYesVotes": undefined,
}
`;

exports[`Indexer Mock Server > should work with the recorded health check request 1`] = `
HealthCheck {
  "data": UntypedValue {
    "data": Map {
      "migration-required" => false,
      "read-only-mode" => true,
    },
  },
  "dbAvailable": true,
  "errors": undefined,
  "isMigrating": false,
  "message": "57772761",
  "round": 57772761n,
  "version": "3.9.0",
}
`;

exports[`KMD Mock Server > should work with the recorded list wallets request 1`] = `
{
  "wallets": [
    {
      "driver_name": "sqlite",
      "driver_version": 1,
      "id": "0bd36782f30300ed34c0e12a4476736c",
      "mnemonic_ux": false,
      "name": "unencrypted-default-wallet",
      "supported_txs": [
        "pay",
        "keyreg",
      ],
    },
  ],
}
`;
